============================================================
  Generated by:           Genus(TM) Synthesis Solution 21.14-s082_1
  Generated on:           Jan 09 2025  05:15:52 pm
  Module:                 top_dut
  Operating conditions:   slow (balanced_tree)
  Wireload mode:          enclosed
  Area mode:              timing library
============================================================

                               
   Gate    Instances    Area   Library 
---------------------------------------
ADDHXL             2    24.221    slow 
AND2X1             7    31.790    slow 
AND3XL             1     6.055    slow 
AO22X1             3    22.707    slow 
AOI211XL           1     5.298    slow 
AOI21XL           14    63.580    slow 
AOI222XL          21   174.844    slow 
AOI22XL            2    12.110    slow 
AOI2BB1XL          6    36.331    slow 
AOI31XL            1     6.055    slow 
CLKINVX1          17    38.602    slow 
DFFNSRXL          41  1179.250    slow 
DFFQX1            50   794.745    slow 
DFFQXL            24   381.478    slow 
INVX1              5    11.354    slow 
INVXL             21    47.685    slow 
MXI2XL            65   393.588    slow 
NAND2BX1           1     4.541    slow 
NAND2BXL          14    63.580    slow 
NAND2XL           50   151.380    slow 
NAND3BXL           2    12.110    slow 
NAND3XL            3    13.624    slow 
NAND4XL            1     5.298    slow 
NOR2BX1            3    13.624    slow 
NOR2BXL           10    45.414    slow 
NOR2XL            83   251.291    slow 
NOR3XL             2     9.083    slow 
NOR4BXL            6    40.873    slow 
NOR4XL             6    36.331    slow 
OA21X1            22   149.866    slow 
OAI211XL           2    10.597    slow 
OAI21XL           20    90.828    slow 
OAI2BB1XL          1     5.298    slow 
OAI31XL            1     6.055    slow 
OR4X1              7    47.685    slow 
SDFFNSRX1         16   544.968    slow 
SDFFQX1            8   163.490    slow 
---------------------------------------
total            539  4895.629         


                                         
     Type      Instances   Area   Area % 
-----------------------------------------
sequential           139 3063.931   62.6 
inverter              43   97.640    2.0 
logic                357 1734.058   35.4 
physical_cells         0    0.000    0.0 
-----------------------------------------
total                539 4895.629  100.0 

